// Jest Snapshot v1, https://goo.gl/fbAQLP

exports[`should render the ViewRouteDetails correctly 1`] = `
<div
  className="route-info"
>
  
  
  
  
</div>
`;
