// Jest Snapshot v1, https://goo.gl/fbAQLP

exports[`should render the Map Component correctly 1`] = `
<div
  id="map"
/>
`;
